// Jest Snapshot v1, https://goo.gl/fbAQLP

exports[`DependencyExtractorImpl fullParse 1`] = `
Array [
  "Cargo.toml",
  "Godeps.json",
  "Gopkg.toml",
  "build.gradle",
  "composer.json",
  "go.mod",
  "ivy.xml",
  "package.json",
  "pom.xml",
  "settings.gradle",
]
`;

exports[`DependencyExtractorImpl fullParse 2`] = `
Array [
  Object {
    "dependencies": Array [
      Object {
        "name": "parent_organization:parent_module",
        "scopes": Array [
          "parent",
        ],
        "versionConstraint": undefined,
      },
      Object {
        "name": "io.fabric8:kubernetes-client",
        "scopes": Array [
          "compile",
          "annotationProcessor",
        ],
        "versionConstraint": "4.1.3",
      },
      Object {
        "name": "org.apache.commons:commons-collections4",
        "scopes": Array [
          "compile",
        ],
        "versionConstraint": "4.2",
      },
      Object {
        "name": "org.apache.commons:commons-text",
        "scopes": Array [
          "compile",
        ],
        "versionConstraint": "1.6",
      },
      Object {
        "name": "com.fasterxml.jackson.core:jackson-core",
        "scopes": Array [
          "compile",
        ],
        "versionConstraint": "2.9.7",
      },
      Object {
        "name": "org.springframework.boot:spring-boot-starter",
        "scopes": Array [
          "compile",
        ],
        "versionConstraint": "2.1.1.RELEASE",
      },
      Object {
        "name": "org.springframework.boot:spring-boot-starter-log4j2",
        "scopes": Array [
          "compile",
        ],
        "versionConstraint": "2.1.1.RELEASE",
      },
      Object {
        "name": "io.sundr:builder-annotations",
        "scopes": Array [
          "compileOnly",
        ],
        "versionConstraint": "0.14.7",
      },
      Object {
        "name": "org.mockito:mockito-core",
        "scopes": Array [
          "testCompile",
        ],
        "versionConstraint": "2.24.0",
      },
      Object {
        "name": "org.junit.jupiter:junit-jupiter-api",
        "scopes": Array [
          "testCompile",
        ],
        "versionConstraint": "5.4.0",
      },
      Object {
        "name": "org.junit.jupiter:junit-jupiter-engine",
        "scopes": Array [
          "testRuntime",
        ],
        "versionConstraint": "5.4.0",
      },
    ],
    "language": "java",
    "name": "organization:module",
    "sourceUrl": "",
    "system": "gradle",
    "version": "1.2",
  },
  Object {
    "dependencies": Array [
      Object {
        "name": "bytes",
        "scopes": Array [
          "direct",
        ],
        "versionConstraint": undefined,
      },
      Object {
        "name": "clap",
        "scopes": Array [
          "direct",
        ],
        "versionConstraint": undefined,
      },
      Object {
        "name": "futures",
        "scopes": Array [
          "direct",
        ],
        "versionConstraint": undefined,
      },
      Object {
        "name": "hyper",
        "scopes": Array [
          "direct",
        ],
        "versionConstraint": undefined,
      },
      Object {
        "name": "log",
        "scopes": Array [
          "direct",
        ],
        "versionConstraint": undefined,
      },
      Object {
        "name": "ordermap",
        "scopes": Array [
          "direct",
        ],
        "versionConstraint": undefined,
      },
      Object {
        "name": "pretty_env_logger",
        "scopes": Array [
          "direct",
        ],
        "versionConstraint": undefined,
      },
      Object {
        "name": "rand",
        "scopes": Array [
          "direct",
        ],
        "versionConstraint": undefined,
      },
      Object {
        "name": "rustls",
        "scopes": Array [
          "direct",
        ],
        "versionConstraint": "make_server_sni_public",
      },
      Object {
        "name": "serde",
        "scopes": Array [
          "direct",
        ],
        "versionConstraint": undefined,
      },
      Object {
        "name": "serde_derive",
        "scopes": Array [
          "direct",
        ],
        "versionConstraint": undefined,
      },
      Object {
        "name": "serde_json",
        "scopes": Array [
          "direct",
        ],
        "versionConstraint": undefined,
      },
      Object {
        "name": "serde_yaml",
        "scopes": Array [
          "direct",
        ],
        "versionConstraint": undefined,
      },
      Object {
        "name": "tacho",
        "scopes": Array [
          "direct",
        ],
        "versionConstraint": undefined,
      },
      Object {
        "name": "tokio-core",
        "scopes": Array [
          "direct",
        ],
        "versionConstraint": undefined,
      },
      Object {
        "name": "tokio-io",
        "scopes": Array [
          "direct",
        ],
        "versionConstraint": undefined,
      },
      Object {
        "name": "tokio-service",
        "scopes": Array [
          "direct",
        ],
        "versionConstraint": undefined,
      },
      Object {
        "name": "tokio-timer",
        "scopes": Array [
          "direct",
        ],
        "versionConstraint": undefined,
      },
      Object {
        "name": "url",
        "scopes": Array [
          "direct",
        ],
        "versionConstraint": undefined,
      },
    ],
    "language": "rust",
    "name": "linkerd-tcp",
    "sourceUrl": "",
    "system": "cargo",
    "version": "0.1.1",
  },
  Object {
    "dependencies": Array [
      Object {
        "name": "repoOrganization/repoModule",
        "scopes": Array [
          "repositories",
        ],
        "versionConstraint": "repoVersion",
      },
      Object {
        "name": "requireOrganization/requireModule",
        "scopes": Array [],
        "versionConstraint": "requireVersionConstraint",
      },
      Object {
        "name": "requireDevOrganization/requireDevModule",
        "scopes": Array [
          "dev",
        ],
        "versionConstraint": "requireDevVersionConstraint",
      },
    ],
    "language": "php",
    "name": "organization/module",
    "sourceUrl": "",
    "system": "composer",
    "version": "version",
  },
  Object {
    "dependencies": Array [
      Object {
        "name": "github.com/kr/fs",
        "versionConstraint": "2788f0dbd16903de03cb8186e5c7d97b69ad387b",
      },
      Object {
        "name": "github.com/kr/pretty",
        "versionConstraint": "f31442d60e51465c69811e2107ae978868dbea5c",
      },
      Object {
        "name": "github.com/kr/text",
        "versionConstraint": "6807e777504f54ad073ecef66747de158294b639",
      },
      Object {
        "name": "github.com/pmezard/go-difflib/difflib",
        "versionConstraint": "f78a839676152fd9f4863704f5d516195c18fc14",
      },
      Object {
        "name": "golang.org/x/tools/go/vcs",
        "versionConstraint": "1f1b3322f67af76803c942fd237291538ec68262",
      },
    ],
    "language": "go",
    "name": "github.com/tools/godep",
    "sourceUrl": "",
    "system": "godeps",
    "version": "latest",
  },
  Object {
    "dependencies": Array [
      Object {
        "name": "github.com/gogo/protobuf",
        "scopes": Array [
          "direct",
        ],
        "versionConstraint": "v1.2.1",
      },
      Object {
        "name": "github.com/depscloud/rds",
        "scopes": Array [
          "direct",
        ],
        "versionConstraint": "v0.0.2",
      },
      Object {
        "name": "github.com/sirupsen/logrus",
        "scopes": Array [
          "direct",
        ],
        "versionConstraint": "v1.3.0",
      },
      Object {
        "name": "golang.org/x/net",
        "scopes": Array [
          "direct",
        ],
        "versionConstraint": "v0.0.0-20190213061140-3a22650c66bd",
      },
      Object {
        "name": "google.golang.org/grpc",
        "scopes": Array [
          "direct",
        ],
        "versionConstraint": "v1.18.0",
      },
    ],
    "language": "go",
    "name": "github.com/depscloud/finch",
    "sourceUrl": "",
    "system": "vgo",
    "version": "latest",
  },
  Object {
    "dependencies": Array [
      Object {
        "name": "cloud.google.com/go",
        "scopes": Array [
          "constraint",
        ],
        "versionConstraint": ">=0.20.0, <1.0.0",
      },
      Object {
        "name": "go.opencensus.io",
        "scopes": Array [
          "constraint",
        ],
        "versionConstraint": ">=0.15.0",
      },
      Object {
        "name": "contrib.go.opencensus.io/exporter/stackdriver",
        "scopes": Array [
          "constraint",
        ],
        "versionConstraint": ">=0.2.0",
      },
      Object {
        "name": "code.cloudfoundry.org/copilot",
        "scopes": Array [
          "constraint",
        ],
        "versionConstraint": "master",
      },
      Object {
        "name": "github.com/DataDog/datadog-go",
        "scopes": Array [
          "constraint",
        ],
        "versionConstraint": "2.0.0",
      },
      Object {
        "name": "github.com/alicebob/miniredis",
        "scopes": Array [
          "constraint",
        ],
        "versionConstraint": "2.3.2",
      },
      Object {
        "name": "github.com/aws/aws-sdk-go",
        "scopes": Array [
          "constraint",
        ],
        "versionConstraint": "1.13.24",
      },
      Object {
        "name": "github.com/cactus/go-statsd-client",
        "scopes": Array [
          "constraint",
        ],
        "versionConstraint": "3.1.1",
      },
      Object {
        "name": "github.com/cenkalti/backoff",
        "scopes": Array [
          "constraint",
        ],
        "versionConstraint": "2.0.0",
      },
      Object {
        "name": "github.com/circonus-labs/circonus-gometrics",
        "scopes": Array [
          "constraint",
        ],
        "versionConstraint": "2.1.0",
      },
      Object {
        "name": "github.com/coreos/go-oidc",
        "scopes": Array [
          "constraint",
        ],
        "versionConstraint": "v2",
      },
      Object {
        "name": "github.com/davecgh/go-spew",
        "scopes": Array [
          "constraint",
        ],
        "versionConstraint": "1.1.0",
      },
      Object {
        "name": "github.com/envoyproxy/go-control-plane",
        "scopes": Array [
          "constraint",
        ],
        "versionConstraint": "^0.6.7",
      },
      Object {
        "name": "github.com/fluent/fluent-logger-golang",
        "scopes": Array [
          "constraint",
        ],
        "versionConstraint": "1.3.0",
      },
      Object {
        "name": "github.com/ghodss/yaml",
        "scopes": Array [
          "constraint",
        ],
        "versionConstraint": "1.0.0",
      },
      Object {
        "name": "github.com/go-redis/redis",
        "scopes": Array [
          "constraint",
        ],
        "versionConstraint": "6.10.2",
      },
      Object {
        "name": "github.com/gogo/googleapis",
        "scopes": Array [
          "constraint",
        ],
        "versionConstraint": "master",
      },
      Object {
        "name": "github.com/gogo/protobuf",
        "scopes": Array [
          "constraint",
        ],
        "versionConstraint": "^1.1.1",
      },
      Object {
        "name": "github.com/golang/protobuf",
        "scopes": Array [
          "constraint",
        ],
        "versionConstraint": "1.1.0",
      },
      Object {
        "name": "github.com/golang/sync",
        "scopes": Array [
          "constraint",
        ],
        "versionConstraint": "master",
      },
      Object {
        "name": "github.com/google/go-github",
        "scopes": Array [
          "constraint",
        ],
        "versionConstraint": "15.0.0",
      },
      Object {
        "name": "github.com/google/uuid",
        "scopes": Array [
          "constraint",
        ],
        "versionConstraint": "0.2.0",
      },
      Object {
        "name": "github.com/googleapis/gax-go",
        "scopes": Array [
          "constraint",
        ],
        "versionConstraint": "2.0.0",
      },
      Object {
        "name": "github.com/gorilla/mux",
        "scopes": Array [
          "constraint",
        ],
        "versionConstraint": "1.6.1",
      },
      Object {
        "name": "github.com/gorilla/websocket",
        "scopes": Array [
          "constraint",
        ],
        "versionConstraint": "1.2.0",
      },
      Object {
        "name": "github.com/grpc-ecosystem/go-grpc-middleware",
        "scopes": Array [
          "constraint",
        ],
        "versionConstraint": "master",
      },
      Object {
        "name": "github.com/grpc-ecosystem/go-grpc-prometheus",
        "scopes": Array [
          "constraint",
        ],
        "versionConstraint": "1.1.0",
      },
      Object {
        "name": "github.com/grpc-ecosystem/grpc-opentracing",
        "scopes": Array [
          "constraint",
        ],
        "versionConstraint": "master",
      },
      Object {
        "name": "github.com/hashicorp/consul",
        "scopes": Array [
          "constraint",
        ],
        "versionConstraint": "1.3.0",
      },
      Object {
        "name": "github.com/hashicorp/go-multierror",
        "scopes": Array [
          "constraint",
        ],
        "versionConstraint": "master",
      },
      Object {
        "name": "github.com/hashicorp/vault",
        "scopes": Array [
          "constraint",
        ],
        "versionConstraint": "0.10.0",
      },
      Object {
        "name": "github.com/howeyc/fsnotify",
        "scopes": Array [
          "constraint",
        ],
        "versionConstraint": "0.9.0",
      },
      Object {
        "name": "github.com/natefinch/lumberjack",
        "scopes": Array [
          "constraint",
        ],
        "versionConstraint": "2.1.0",
      },
      Object {
        "name": "github.com/onsi/gomega",
        "scopes": Array [
          "constraint",
        ],
        "versionConstraint": "1.3.0",
      },
      Object {
        "name": "github.com/open-policy-agent/opa",
        "scopes": Array [
          "constraint",
        ],
        "versionConstraint": "0.8.2",
      },
      Object {
        "name": "github.com/openshift/api",
        "scopes": Array [
          "constraint",
        ],
        "versionConstraint": "master",
      },
      Object {
        "name": "github.com/opentracing/opentracing-go",
        "scopes": Array [
          "constraint",
        ],
        "versionConstraint": "1.0.2",
      },
      Object {
        "name": "github.com/pmezard/go-difflib",
        "scopes": Array [
          "constraint",
        ],
        "versionConstraint": "1.0.0",
      },
      Object {
        "name": "github.com/prometheus/client_golang",
        "scopes": Array [
          "constraint",
        ],
        "versionConstraint": "0.9.2",
      },
      Object {
        "name": "github.com/prometheus/client_model",
        "scopes": Array [
          "constraint",
        ],
        "versionConstraint": "master",
      },
      Object {
        "name": "github.com/prometheus/common",
        "scopes": Array [
          "constraint",
        ],
        "versionConstraint": "master",
      },
      Object {
        "name": "github.com/prometheus/prom2json",
        "scopes": Array [
          "constraint",
        ],
        "versionConstraint": "master",
      },
      Object {
        "name": "github.com/satori/go.uuid",
        "scopes": Array [
          "constraint",
        ],
        "versionConstraint": "1.2.0",
      },
      Object {
        "name": "github.com/spf13/cobra",
        "scopes": Array [
          "constraint",
        ],
        "versionConstraint": "0.0.2",
      },
      Object {
        "name": "github.com/stretchr/testify",
        "scopes": Array [
          "constraint",
        ],
        "versionConstraint": "1.2.1",
      },
      Object {
        "name": "github.com/uber/jaeger-client-go",
        "scopes": Array [
          "constraint",
        ],
        "versionConstraint": "master",
      },
      Object {
        "name": "go.uber.org/atomic",
        "scopes": Array [
          "constraint",
        ],
        "versionConstraint": "1.2.0",
      },
      Object {
        "name": "go.uber.org/multierr",
        "scopes": Array [
          "constraint",
        ],
        "versionConstraint": "1.1.0",
      },
      Object {
        "name": "go.uber.org/zap",
        "scopes": Array [
          "constraint",
        ],
        "versionConstraint": "1.7.1",
      },
      Object {
        "name": "golang.org/x/net",
        "scopes": Array [
          "constraint",
        ],
        "versionConstraint": "master",
      },
      Object {
        "name": "golang.org/x/oauth2",
        "scopes": Array [
          "constraint",
        ],
        "versionConstraint": "master",
      },
      Object {
        "name": "golang.org/x/time",
        "scopes": Array [
          "constraint",
        ],
        "versionConstraint": "master",
      },
      Object {
        "name": "golang.org/x/tools",
        "scopes": Array [
          "constraint",
        ],
        "versionConstraint": "master",
      },
      Object {
        "name": "google.golang.org/api",
        "scopes": Array [
          "constraint",
        ],
        "versionConstraint": "master",
      },
      Object {
        "name": "google.golang.org/genproto",
        "scopes": Array [
          "constraint",
        ],
        "versionConstraint": "master",
      },
      Object {
        "name": "google.golang.org/grpc",
        "scopes": Array [
          "constraint",
        ],
        "versionConstraint": "^1.13.0",
      },
      Object {
        "name": "gopkg.in/yaml.v2",
        "scopes": Array [
          "constraint",
        ],
        "versionConstraint": "2.2.1",
      },
      Object {
        "name": "istio.io/api",
        "scopes": Array [
          "constraint",
        ],
        "versionConstraint": "master",
      },
      Object {
        "name": "k8s.io/api",
        "scopes": Array [
          "constraint",
        ],
        "versionConstraint": "release-1.11",
      },
      Object {
        "name": "k8s.io/apimachinery",
        "scopes": Array [
          "constraint",
        ],
        "versionConstraint": "release-1.11",
      },
      Object {
        "name": "k8s.io/apiextensions-apiserver",
        "scopes": Array [
          "constraint",
        ],
        "versionConstraint": "release-1.11",
      },
      Object {
        "name": "k8s.io/helm",
        "scopes": Array [
          "constraint",
        ],
        "versionConstraint": "2.9.1",
      },
      Object {
        "name": "k8s.io/kubernetes",
        "scopes": Array [
          "constraint",
        ],
        "versionConstraint": "release-1.11",
      },
      Object {
        "name": "github.com/gogo/status",
        "scopes": Array [
          "constraint",
        ],
        "versionConstraint": "d60b5acac426cb52f7e28124c6aaa862d9f339f5",
      },
      Object {
        "name": "github.com/google/go-cmp",
        "scopes": Array [
          "constraint",
        ],
        "versionConstraint": "0.2.0",
      },
      Object {
        "name": "github.com/docker/distribution",
        "scopes": Array [
          "override",
        ],
        "versionConstraint": "master",
      },
      Object {
        "name": "k8s.io/client-go",
        "scopes": Array [
          "override",
        ],
        "versionConstraint": "release-8.0",
      },
      Object {
        "name": "github.com/Azure/go-autorest",
        "scopes": Array [
          "override",
        ],
        "versionConstraint": "bca49d5b51a50dc5bb17bbf6204c711c6dbded06",
      },
      Object {
        "name": "github.com/golang/glog",
        "scopes": Array [
          "override",
        ],
        "versionConstraint": undefined,
      },
      Object {
        "name": "github.com/imdario/mergo",
        "scopes": Array [
          "override",
        ],
        "versionConstraint": "6633656539c1639d9d78127b7d47c622b5d7b6dc",
      },
      Object {
        "name": "istio.io/istio/mixer/adapter/stackdriver/contextgraph",
        "scopes": Array [
          "ignored",
        ],
        "versionConstraint": "*",
      },
      Object {
        "name": "github.com/client9/misspell",
        "scopes": Array [
          "required",
        ],
        "versionConstraint": "*",
      },
      Object {
        "name": "github.com/istio/tools/protoc-gen-docs",
        "scopes": Array [
          "required",
        ],
        "versionConstraint": "*",
      },
      Object {
        "name": "fortio.org/fortio",
        "scopes": Array [
          "required",
        ],
        "versionConstraint": "*",
      },
    ],
    "language": "go",
    "name": "github.com/depscloud/extractor",
    "sourceUrl": "",
    "system": "gopkg",
    "version": "latest",
  },
  Object {
    "dependencies": Array [
      Object {
        "name": "com.beust:jcommander",
        "scopes": Array [
          "default",
        ],
        "versionConstraint": "1.20",
      },
      Object {
        "name": "org.projectlombok:lombok",
        "scopes": Array [
          "build->default",
        ],
        "versionConstraint": "0.10.4",
      },
      Object {
        "name": "junit:junit",
        "scopes": Array [
          "test->default",
        ],
        "versionConstraint": "4.10",
      },
      Object {
        "name": "net.sourceforge.cobertura:cobertura",
        "scopes": Array [
          "test->default",
        ],
        "versionConstraint": "1.9.4.1",
      },
      Object {
        "name": "com.puppycrawl.tools:checkstyle",
        "scopes": Array [
          "analysis->default",
        ],
        "versionConstraint": "5.5",
      },
      Object {
        "name": "com.google.code.findbugs:findbugs",
        "scopes": Array [
          "analysis->default",
        ],
        "versionConstraint": "2.0.0",
      },
      Object {
        "name": "net.sourceforge.pmd:pmd",
        "scopes": Array [
          "analysis->default",
        ],
        "versionConstraint": "5.0.0",
      },
    ],
    "language": "java",
    "name": "com.nullprogram:sample-java-project",
    "sourceUrl": "",
    "system": "ivy",
    "version": null,
  },
  Object {
    "dependencies": Array [
      Object {
        "name": "@scoped/runtimeDependency",
        "scopes": Array [],
        "versionConstraint": "1.0.0",
      },
      Object {
        "name": "devDependency",
        "scopes": Array [
          "dev",
        ],
        "versionConstraint": "1.0.0",
      },
      Object {
        "name": "@scoped/peerDependency",
        "scopes": Array [
          "peer",
        ],
        "versionConstraint": "1.0.0",
      },
      Object {
        "name": "optionalDependency",
        "scopes": Array [
          "optional",
        ],
        "versionConstraint": "1.0.0",
      },
    ],
    "language": "node",
    "name": "@organization/module",
    "sourceUrl": "git@github.com:group/project.git",
    "system": "npm",
    "version": "9.9.9",
  },
  Object {
    "dependencies": Array [
      Object {
        "name": "parentGroupId:parentArtifactId",
        "scopes": Array [
          "parent",
        ],
        "versionConstraint": "1.0",
      },
      Object {
        "name": "compileGroupId:compileArtifactId",
        "scopes": Array [
          "compile",
        ],
        "versionConstraint": "1.0.0",
      },
      Object {
        "name": "runtimeGroupId:runtimeArtifactId",
        "scopes": Array [
          "runtime",
        ],
        "versionConstraint": "1.0.0",
      },
      Object {
        "name": "testGroupId:testArtifactId",
        "scopes": Array [
          "test",
        ],
        "versionConstraint": "1.0.0",
      },
      Object {
        "name": "systemGroupId:systemArtifactId",
        "scopes": Array [
          "system",
        ],
        "versionConstraint": "1.0.0",
      },
      Object {
        "name": "providedGroupId:providedArtifactId",
        "scopes": Array [
          "provided",
        ],
        "versionConstraint": "1.0.0",
      },
    ],
    "language": "java",
    "name": "groupId:artifactId",
    "sourceUrl": "git@github.com:group/project.git",
    "system": "maven",
    "version": "9.9.9",
  },
]
`;
