// Jest Snapshot v1, https://goo.gl/fbAQLP

exports[`BuildGradleExtractor fullParse 1`] = `
Object {
  "dependencies": Array [
    Object {
      "name": "parent_organization:parent_module",
      "scopes": Array [
        "parent",
      ],
      "versionConstraint": undefined,
    },
    Object {
      "name": "io.fabric8:kubernetes-client",
      "scopes": Array [
        "compile",
        "annotationProcessor",
      ],
      "versionConstraint": "4.1.3",
    },
    Object {
      "name": "org.apache.commons:commons-collections4",
      "scopes": Array [
        "compile",
      ],
      "versionConstraint": "4.2",
    },
    Object {
      "name": "org.apache.commons:commons-text",
      "scopes": Array [
        "compile",
      ],
      "versionConstraint": "1.6",
    },
    Object {
      "name": "com.fasterxml.jackson.core:jackson-core",
      "scopes": Array [
        "compile",
      ],
      "versionConstraint": "2.9.7",
    },
    Object {
      "name": "org.springframework.boot:spring-boot-starter",
      "scopes": Array [
        "compile",
      ],
      "versionConstraint": "2.1.1.RELEASE",
    },
    Object {
      "name": "org.springframework.boot:spring-boot-starter-log4j2",
      "scopes": Array [
        "compile",
      ],
      "versionConstraint": "2.1.1.RELEASE",
    },
    Object {
      "name": "io.sundr:builder-annotations",
      "scopes": Array [
        "compileOnly",
      ],
      "versionConstraint": "0.14.7",
    },
    Object {
      "name": "org.mockito:mockito-core",
      "scopes": Array [
        "testCompile",
      ],
      "versionConstraint": "2.24.0",
    },
    Object {
      "name": "org.junit.jupiter:junit-jupiter-api",
      "scopes": Array [
        "testCompile",
      ],
      "versionConstraint": "5.4.0",
    },
    Object {
      "name": "org.junit.jupiter:junit-jupiter-engine",
      "scopes": Array [
        "testRuntime",
      ],
      "versionConstraint": "5.4.0",
    },
  ],
  "language": "java",
  "name": "organization:module",
  "sourceUrl": "",
  "system": "gradle",
  "version": "1.2",
}
`;

exports[`BuildGradleExtractor fullParse 2`] = `
"{
  \\"language\\": \\"java\\",
  \\"system\\": \\"gradle\\",
  \\"sourceUrl\\": \\"\\",
  \\"name\\": \\"organization:module\\",
  \\"version\\": \\"1.2\\",
  \\"dependencies\\": [
    {
      \\"name\\": \\"parent_organization:parent_module\\",
      \\"scopes\\": [
        \\"parent\\"
      ]
    },
    {
      \\"versionConstraint\\": \\"4.1.3\\",
      \\"scopes\\": [
        \\"compile\\",
        \\"annotationProcessor\\"
      ],
      \\"name\\": \\"io.fabric8:kubernetes-client\\"
    },
    {
      \\"versionConstraint\\": \\"4.2\\",
      \\"scopes\\": [
        \\"compile\\"
      ],
      \\"name\\": \\"org.apache.commons:commons-collections4\\"
    },
    {
      \\"versionConstraint\\": \\"1.6\\",
      \\"scopes\\": [
        \\"compile\\"
      ],
      \\"name\\": \\"org.apache.commons:commons-text\\"
    },
    {
      \\"versionConstraint\\": \\"2.9.7\\",
      \\"scopes\\": [
        \\"compile\\"
      ],
      \\"name\\": \\"com.fasterxml.jackson.core:jackson-core\\"
    },
    {
      \\"versionConstraint\\": \\"2.1.1.RELEASE\\",
      \\"scopes\\": [
        \\"compile\\"
      ],
      \\"name\\": \\"org.springframework.boot:spring-boot-starter\\"
    },
    {
      \\"versionConstraint\\": \\"2.1.1.RELEASE\\",
      \\"scopes\\": [
        \\"compile\\"
      ],
      \\"name\\": \\"org.springframework.boot:spring-boot-starter-log4j2\\"
    },
    {
      \\"versionConstraint\\": \\"0.14.7\\",
      \\"scopes\\": [
        \\"compileOnly\\"
      ],
      \\"name\\": \\"io.sundr:builder-annotations\\"
    },
    {
      \\"versionConstraint\\": \\"2.24.0\\",
      \\"scopes\\": [
        \\"testCompile\\"
      ],
      \\"name\\": \\"org.mockito:mockito-core\\"
    },
    {
      \\"versionConstraint\\": \\"5.4.0\\",
      \\"scopes\\": [
        \\"testCompile\\"
      ],
      \\"name\\": \\"org.junit.jupiter:junit-jupiter-api\\"
    },
    {
      \\"versionConstraint\\": \\"5.4.0\\",
      \\"scopes\\": [
        \\"testRuntime\\"
      ],
      \\"name\\": \\"org.junit.jupiter:junit-jupiter-engine\\"
    }
  ]
}"
`;
