// Jest Snapshot v1, https://goo.gl/fbAQLP

exports[`CargoTomlExtractor fullParse 1`] = `
Object {
  "dependencies": Array [
    Object {
      "name": "bytes",
      "scopes": Array [
        "direct",
      ],
      "versionConstraint": undefined,
    },
    Object {
      "name": "clap",
      "scopes": Array [
        "direct",
      ],
      "versionConstraint": undefined,
    },
    Object {
      "name": "futures",
      "scopes": Array [
        "direct",
      ],
      "versionConstraint": undefined,
    },
    Object {
      "name": "hyper",
      "scopes": Array [
        "direct",
      ],
      "versionConstraint": undefined,
    },
    Object {
      "name": "log",
      "scopes": Array [
        "direct",
      ],
      "versionConstraint": undefined,
    },
    Object {
      "name": "ordermap",
      "scopes": Array [
        "direct",
      ],
      "versionConstraint": undefined,
    },
    Object {
      "name": "pretty_env_logger",
      "scopes": Array [
        "direct",
      ],
      "versionConstraint": undefined,
    },
    Object {
      "name": "rand",
      "scopes": Array [
        "direct",
      ],
      "versionConstraint": undefined,
    },
    Object {
      "name": "rustls",
      "scopes": Array [
        "direct",
      ],
      "versionConstraint": "make_server_sni_public",
    },
    Object {
      "name": "serde",
      "scopes": Array [
        "direct",
      ],
      "versionConstraint": undefined,
    },
    Object {
      "name": "serde_derive",
      "scopes": Array [
        "direct",
      ],
      "versionConstraint": undefined,
    },
    Object {
      "name": "serde_json",
      "scopes": Array [
        "direct",
      ],
      "versionConstraint": undefined,
    },
    Object {
      "name": "serde_yaml",
      "scopes": Array [
        "direct",
      ],
      "versionConstraint": undefined,
    },
    Object {
      "name": "tacho",
      "scopes": Array [
        "direct",
      ],
      "versionConstraint": undefined,
    },
    Object {
      "name": "tokio-core",
      "scopes": Array [
        "direct",
      ],
      "versionConstraint": undefined,
    },
    Object {
      "name": "tokio-io",
      "scopes": Array [
        "direct",
      ],
      "versionConstraint": undefined,
    },
    Object {
      "name": "tokio-service",
      "scopes": Array [
        "direct",
      ],
      "versionConstraint": undefined,
    },
    Object {
      "name": "tokio-timer",
      "scopes": Array [
        "direct",
      ],
      "versionConstraint": undefined,
    },
    Object {
      "name": "url",
      "scopes": Array [
        "direct",
      ],
      "versionConstraint": undefined,
    },
  ],
  "language": "rust",
  "name": "linkerd-tcp",
  "sourceUrl": "",
  "system": "cargo",
  "version": "0.1.1",
}
`;

exports[`CargoTomlExtractor fullParse 2`] = `
"{
  \\"language\\": \\"rust\\",
  \\"system\\": \\"cargo\\",
  \\"sourceUrl\\": \\"\\",
  \\"name\\": \\"linkerd-tcp\\",
  \\"version\\": \\"0.1.1\\",
  \\"dependencies\\": [
    {
      \\"name\\": \\"bytes\\",
      \\"scopes\\": [
        \\"direct\\"
      ]
    },
    {
      \\"name\\": \\"clap\\",
      \\"scopes\\": [
        \\"direct\\"
      ]
    },
    {
      \\"name\\": \\"futures\\",
      \\"scopes\\": [
        \\"direct\\"
      ]
    },
    {
      \\"name\\": \\"hyper\\",
      \\"scopes\\": [
        \\"direct\\"
      ]
    },
    {
      \\"name\\": \\"log\\",
      \\"scopes\\": [
        \\"direct\\"
      ]
    },
    {
      \\"name\\": \\"ordermap\\",
      \\"scopes\\": [
        \\"direct\\"
      ]
    },
    {
      \\"name\\": \\"pretty_env_logger\\",
      \\"scopes\\": [
        \\"direct\\"
      ]
    },
    {
      \\"name\\": \\"rand\\",
      \\"scopes\\": [
        \\"direct\\"
      ]
    },
    {
      \\"name\\": \\"rustls\\",
      \\"versionConstraint\\": \\"make_server_sni_public\\",
      \\"scopes\\": [
        \\"direct\\"
      ]
    },
    {
      \\"name\\": \\"serde\\",
      \\"scopes\\": [
        \\"direct\\"
      ]
    },
    {
      \\"name\\": \\"serde_derive\\",
      \\"scopes\\": [
        \\"direct\\"
      ]
    },
    {
      \\"name\\": \\"serde_json\\",
      \\"scopes\\": [
        \\"direct\\"
      ]
    },
    {
      \\"name\\": \\"serde_yaml\\",
      \\"scopes\\": [
        \\"direct\\"
      ]
    },
    {
      \\"name\\": \\"tacho\\",
      \\"scopes\\": [
        \\"direct\\"
      ]
    },
    {
      \\"name\\": \\"tokio-core\\",
      \\"scopes\\": [
        \\"direct\\"
      ]
    },
    {
      \\"name\\": \\"tokio-io\\",
      \\"scopes\\": [
        \\"direct\\"
      ]
    },
    {
      \\"name\\": \\"tokio-service\\",
      \\"scopes\\": [
        \\"direct\\"
      ]
    },
    {
      \\"name\\": \\"tokio-timer\\",
      \\"scopes\\": [
        \\"direct\\"
      ]
    },
    {
      \\"name\\": \\"url\\",
      \\"scopes\\": [
        \\"direct\\"
      ]
    }
  ]
}"
`;
