// Jest Snapshot v1, https://goo.gl/fbAQLP

exports[`ComposerJsonExtractor fullParse 1`] = `
Object {
  "dependencies": Array [
    Object {
      "name": "repoOrganization/repoModule",
      "scopes": Array [
        "repositories",
      ],
      "versionConstraint": "repoVersion",
    },
    Object {
      "name": "requireOrganization/requireModule",
      "scopes": Array [],
      "versionConstraint": "requireVersionConstraint",
    },
    Object {
      "name": "requireDevOrganization/requireDevModule",
      "scopes": Array [
        "dev",
      ],
      "versionConstraint": "requireDevVersionConstraint",
    },
  ],
  "language": "php",
  "name": "organization/module",
  "sourceUrl": "",
  "system": "composer",
  "version": "version",
}
`;

exports[`ComposerJsonExtractor fullParse 2`] = `
"{
  \\"language\\": \\"php\\",
  \\"system\\": \\"composer\\",
  \\"sourceUrl\\": \\"\\",
  \\"name\\": \\"organization/module\\",
  \\"version\\": \\"version\\",
  \\"dependencies\\": [
    {
      \\"name\\": \\"repoOrganization/repoModule\\",
      \\"versionConstraint\\": \\"repoVersion\\",
      \\"scopes\\": [
        \\"repositories\\"
      ]
    },
    {
      \\"name\\": \\"requireOrganization/requireModule\\",
      \\"versionConstraint\\": \\"requireVersionConstraint\\",
      \\"scopes\\": []
    },
    {
      \\"name\\": \\"requireDevOrganization/requireDevModule\\",
      \\"versionConstraint\\": \\"requireDevVersionConstraint\\",
      \\"scopes\\": [
        \\"dev\\"
      ]
    }
  ]
}"
`;
