// Jest Snapshot v1, https://goo.gl/fbAQLP

exports[`GodepsJsonExtractor fullParse 1`] = `
Object {
  "dependencies": Array [
    Object {
      "name": "github.com/kr/fs",
      "versionConstraint": "2788f0dbd16903de03cb8186e5c7d97b69ad387b",
    },
    Object {
      "name": "github.com/kr/pretty",
      "versionConstraint": "f31442d60e51465c69811e2107ae978868dbea5c",
    },
    Object {
      "name": "github.com/kr/text",
      "versionConstraint": "6807e777504f54ad073ecef66747de158294b639",
    },
    Object {
      "name": "github.com/pmezard/go-difflib/difflib",
      "versionConstraint": "f78a839676152fd9f4863704f5d516195c18fc14",
    },
    Object {
      "name": "golang.org/x/tools/go/vcs",
      "versionConstraint": "1f1b3322f67af76803c942fd237291538ec68262",
    },
  ],
  "language": "go",
  "name": "github.com/tools/godep",
  "sourceUrl": "",
  "system": "godeps",
  "version": "latest",
}
`;

exports[`GodepsJsonExtractor fullParse 2`] = `
"{
  \\"language\\": \\"go\\",
  \\"system\\": \\"godeps\\",
  \\"sourceUrl\\": \\"\\",
  \\"name\\": \\"github.com/tools/godep\\",
  \\"version\\": \\"latest\\",
  \\"dependencies\\": [
    {
      \\"name\\": \\"github.com/kr/fs\\",
      \\"versionConstraint\\": \\"2788f0dbd16903de03cb8186e5c7d97b69ad387b\\"
    },
    {
      \\"name\\": \\"github.com/kr/pretty\\",
      \\"versionConstraint\\": \\"f31442d60e51465c69811e2107ae978868dbea5c\\"
    },
    {
      \\"name\\": \\"github.com/kr/text\\",
      \\"versionConstraint\\": \\"6807e777504f54ad073ecef66747de158294b639\\"
    },
    {
      \\"name\\": \\"github.com/pmezard/go-difflib/difflib\\",
      \\"versionConstraint\\": \\"f78a839676152fd9f4863704f5d516195c18fc14\\"
    },
    {
      \\"name\\": \\"golang.org/x/tools/go/vcs\\",
      \\"versionConstraint\\": \\"1f1b3322f67af76803c942fd237291538ec68262\\"
    }
  ]
}"
`;
