// Jest Snapshot v1, https://goo.gl/fbAQLP

exports[`GoModExtractor fullParse 1`] = `
Object {
  "dependencies": Array [
    Object {
      "name": "github.com/gogo/protobuf",
      "scopes": Array [
        "direct",
      ],
      "versionConstraint": "v1.2.1",
    },
    Object {
      "name": "github.com/depscloud/rds",
      "scopes": Array [
        "direct",
      ],
      "versionConstraint": "v0.0.2",
    },
    Object {
      "name": "github.com/sirupsen/logrus",
      "scopes": Array [
        "direct",
      ],
      "versionConstraint": "v1.3.0",
    },
    Object {
      "name": "golang.org/x/net",
      "scopes": Array [
        "direct",
      ],
      "versionConstraint": "v0.0.0-20190213061140-3a22650c66bd",
    },
    Object {
      "name": "google.golang.org/grpc",
      "scopes": Array [
        "direct",
      ],
      "versionConstraint": "v1.18.0",
    },
  ],
  "language": "go",
  "name": "github.com/depscloud/finch",
  "sourceUrl": "",
  "system": "vgo",
  "version": "latest",
}
`;

exports[`GoModExtractor fullParse 2`] = `
"{
  \\"language\\": \\"go\\",
  \\"system\\": \\"vgo\\",
  \\"sourceUrl\\": \\"\\",
  \\"name\\": \\"github.com/depscloud/finch\\",
  \\"version\\": \\"latest\\",
  \\"dependencies\\": [
    {
      \\"name\\": \\"github.com/gogo/protobuf\\",
      \\"versionConstraint\\": \\"v1.2.1\\",
      \\"scopes\\": [
        \\"direct\\"
      ]
    },
    {
      \\"name\\": \\"github.com/depscloud/rds\\",
      \\"versionConstraint\\": \\"v0.0.2\\",
      \\"scopes\\": [
        \\"direct\\"
      ]
    },
    {
      \\"name\\": \\"github.com/sirupsen/logrus\\",
      \\"versionConstraint\\": \\"v1.3.0\\",
      \\"scopes\\": [
        \\"direct\\"
      ]
    },
    {
      \\"name\\": \\"golang.org/x/net\\",
      \\"versionConstraint\\": \\"v0.0.0-20190213061140-3a22650c66bd\\",
      \\"scopes\\": [
        \\"direct\\"
      ]
    },
    {
      \\"name\\": \\"google.golang.org/grpc\\",
      \\"versionConstraint\\": \\"v1.18.0\\",
      \\"scopes\\": [
        \\"direct\\"
      ]
    }
  ]
}"
`;
