// Jest Snapshot v1, https://goo.gl/fbAQLP

exports[`BowerJsonExtractor fullParse 1`] = `
Object {
  "dependencies": Array [
    Object {
      "name": "dependency",
      "scopes": Array [],
      "versionConstraint": "1.0.0",
    },
    Object {
      "name": "@second/Depedency",
      "scopes": Array [],
      "versionConstraint": "1.0.0",
    },
    Object {
      "name": "devDependency",
      "scopes": Array [
        "dev",
      ],
      "versionConstraint": "1.0.0",
    },
    Object {
      "name": "@annotationDevDependency",
      "scopes": Array [
        "dev",
      ],
      "versionConstraint": "1.0.0",
    },
    Object {
      "name": "@annotationAndSlash/DevDependency",
      "scopes": Array [
        "dev",
      ],
      "versionConstraint": "1.0.0",
    },
    Object {
      "name": "0",
      "scopes": Array [
        "bundled",
      ],
      "versionConstraint": "bundledDependency",
    },
  ],
  "language": "js",
  "name": "testName",
  "sourceUrl": "git@github.com:group/project.git",
  "system": "bower",
  "version": "1.2.3",
}
`;

exports[`BowerJsonExtractor fullParse 2`] = `
"{
  \\"language\\": \\"js\\",
  \\"system\\": \\"bower\\",
  \\"sourceUrl\\": \\"git@github.com:group/project.git\\",
  \\"version\\": \\"1.2.3\\",
  \\"dependencies\\": [
    {
      \\"name\\": \\"dependency\\",
      \\"versionConstraint\\": \\"1.0.0\\",
      \\"scopes\\": []
    },
    {
      \\"name\\": \\"@second/Depedency\\",
      \\"versionConstraint\\": \\"1.0.0\\",
      \\"scopes\\": []
    },
    {
      \\"name\\": \\"devDependency\\",
      \\"versionConstraint\\": \\"1.0.0\\",
      \\"scopes\\": [
        \\"dev\\"
      ]
    },
    {
      \\"name\\": \\"@annotationDevDependency\\",
      \\"versionConstraint\\": \\"1.0.0\\",
      \\"scopes\\": [
        \\"dev\\"
      ]
    },
    {
      \\"name\\": \\"@annotationAndSlash/DevDependency\\",
      \\"versionConstraint\\": \\"1.0.0\\",
      \\"scopes\\": [
        \\"dev\\"
      ]
    },
    {
      \\"name\\": \\"0\\",
      \\"versionConstraint\\": \\"bundledDependency\\",
      \\"scopes\\": [
        \\"bundled\\"
      ]
    }
  ],
  \\"name\\": \\"testName\\"
}"
`;
