// Jest Snapshot v1, https://goo.gl/fbAQLP

exports[`ComposerJsonExtractor fullParse 1`] = `
Object {
  "dependencies": Array [
    Object {
      "module": "repoModule",
      "name": "repoOrganization/repoModule",
      "organization": "repoOrganization",
      "versionConstraint": "repoVersion",
    },
    Object {
      "module": "requireModule",
      "organization": "requireOrganization",
      "versionConstraint": "requireVersionConstraint",
    },
    Object {
      "module": "requireDevModule",
      "organization": "requireDevOrganization",
      "versionConstraint": "requireDevVersionConstraint",
    },
  ],
  "language": "php",
  "module": "module",
  "name": "organization/module",
  "organization": "organization",
  "sourceUrl": "",
  "system": "composer",
  "version": "version",
}
`;

exports[`ComposerJsonExtractor fullParse 2`] = `
"{
  \\"language\\": \\"php\\",
  \\"system\\": \\"composer\\",
  \\"sourceUrl\\": \\"\\",
  \\"organization\\": \\"organization\\",
  \\"module\\": \\"module\\",
  \\"version\\": \\"version\\",
  \\"dependencies\\": [
    {
      \\"organization\\": \\"repoOrganization\\",
      \\"module\\": \\"repoModule\\",
      \\"versionConstraint\\": \\"repoVersion\\",
      \\"name\\": \\"repoOrganization/repoModule\\"
    },
    {
      \\"organization\\": \\"requireOrganization\\",
      \\"module\\": \\"requireModule\\",
      \\"versionConstraint\\": \\"requireVersionConstraint\\"
    },
    {
      \\"organization\\": \\"requireDevOrganization\\",
      \\"module\\": \\"requireDevModule\\",
      \\"versionConstraint\\": \\"requireDevVersionConstraint\\"
    }
  ],
  \\"name\\": \\"organization/module\\"
}"
`;
