// Jest Snapshot v1, https://goo.gl/fbAQLP

exports[`JsonnetJsonExtractor fullParse 1`] = `
Object {
  "dependencies": Array [
    Object {
      "module": "",
      "name": "https://github.com/grafana/grafonnet-lib.git[#grafonnet]",
      "organization": "",
      "scopes": Array [
        "dependencies",
      ],
      "versionConstraint": "master",
    },
    Object {
      "module": "",
      "name": "https://github.com/grafana/jsonnet-libs.git[#grafana-builder]",
      "organization": "",
      "scopes": Array [
        "dependencies",
      ],
      "versionConstraint": "master",
    },
  ],
  "language": "js",
  "module": "",
  "name": undefined,
  "organization": undefined,
  "sourceUrl": "",
  "system": "",
  "version": 1,
}
`;
