// Jest Snapshot v1, https://goo.gl/fbAQLP

exports[`JsonnetfileJsonExtractor fullParse 1`] = `
Object {
  "dependencies": Array [
    Object {
      "name": undefined,
      "subdir": "grafonnet",
    },
    Object {
      "name": undefined,
      "subdir": "grafana-builder",
    },
  ],
  "language": "jsonnet",
  "name": "",
  "system": "jsonnet-bundler",
}
`;
