// Jest Snapshot v1, https://goo.gl/fbAQLP

exports[`PackageJsonExtractor fullParse 1`] = `
Object {
  "dependencies": Array [
    Object {
      "name": "@scoped/runtimeDependency",
      "scopes": Array [],
      "versionConstraint": "1.0.0",
    },
    Object {
      "name": "devDependency",
      "scopes": Array [
        "dev",
      ],
      "versionConstraint": "1.0.0",
    },
    Object {
      "name": "@scoped/peerDependency",
      "scopes": Array [
        "peer",
      ],
      "versionConstraint": "1.0.0",
    },
    Object {
      "name": "optionalDependency",
      "scopes": Array [
        "optional",
      ],
      "versionConstraint": "1.0.0",
    },
  ],
  "language": "node",
  "name": "@organization/module",
  "sourceUrl": "git@github.com:group/project.git",
  "system": "npm",
  "version": "9.9.9",
}
`;

exports[`PackageJsonExtractor fullParse 2`] = `
"{
  \\"language\\": \\"node\\",
  \\"system\\": \\"npm\\",
  \\"sourceUrl\\": \\"git@github.com:group/project.git\\",
  \\"name\\": \\"@organization/module\\",
  \\"version\\": \\"9.9.9\\",
  \\"dependencies\\": [
    {
      \\"name\\": \\"@scoped/runtimeDependency\\",
      \\"versionConstraint\\": \\"1.0.0\\",
      \\"scopes\\": []
    },
    {
      \\"name\\": \\"devDependency\\",
      \\"versionConstraint\\": \\"1.0.0\\",
      \\"scopes\\": [
        \\"dev\\"
      ]
    },
    {
      \\"name\\": \\"@scoped/peerDependency\\",
      \\"versionConstraint\\": \\"1.0.0\\",
      \\"scopes\\": [
        \\"peer\\"
      ]
    },
    {
      \\"name\\": \\"optionalDependency\\",
      \\"versionConstraint\\": \\"1.0.0\\",
      \\"scopes\\": [
        \\"optional\\"
      ]
    }
  ]
}"
`;
